// Jest Snapshot v1, https://goo.gl/fbAQLP

exports[`Views/Maps should match the snapshot 1`] = `
<div class="container flex-column flex-nowrap align-start fill-height">
  <h1 class="headline mb-3">
    Edit Maps
  </h1>
  <div class="editor v-card v-sheet theme--light">
    <!---->
    <div role="dialog" class="v-dialog__container">
      <div role="document" class="v-dialog__content" style="z-index: 0;">
        <div class="v-dialog" style="max-width: 300px; display: none;"></div>
      </div>
    </div>
    <div role="dialog" class="v-dialog__container">
      <div role="document" class="v-dialog__content" style="z-index: 0;">
        <div class="v-dialog" style="max-width: 800px; display: none;">
          <div class="v-card v-sheet theme--light">
            <div class="v-card__title">Edit Map</div>
            <div class="v-card__text">
              <div class="row">
                <div class="col col-6">
                  <div class="v-input theme--light v-text-field">
                    <div class="v-input__control">
                      <div class="v-input__slot">
                        <div class="v-text-field__slot"><label for="input-43" class="v-label theme--light" style="left: 0px; position: absolute;">Name</label><input id="input-43" type="text"></div>
                      </div>
                      <div class="v-text-field__details">
                        <div class="v-messages theme--light"><span name="message-transition" tag="div" class="v-messages__wrapper"></span></div>
                      </div>
                    </div>
                  </div>
                </div>
                <div class="col col-6">
                  <div class="v-input theme--light v-text-field">
                    <div class="v-input__control">
                      <div class="v-input__slot">
                        <div class="v-text-field__slot"><label for="input-46" class="v-label theme--light" style="left: 0px; position: absolute;">Group</label><input id="input-46" type="text"></div>
                      </div>
                      <div class="v-text-field__details">
                        <div class="v-messages theme--light"><span name="message-transition" tag="div" class="v-messages__wrapper"></span></div>
                      </div>
                    </div>
                  </div>
                </div>
              </div>
              <p>Use the editor below to adjust submaps. Add, Edit or Remove submaps using the tools on the top right, or click an existing submap to adjust the name.</p>
              <div id="map-editor-dialog--map"></div>
            </div>
            <div class="v-card__actions justify-end"><button type="button" class="v-btn v-btn--contained theme--light v-size--default error"><span class="v-btn__content">
        CANCEL
      </span></button> <button type="button" class="v-btn v-btn--contained theme--light v-size--default success"><span class="v-btn__content">
        SAVE
      </span></button></div>
          </div>
        </div>
      </div>
    </div> <button type="button" class="info-toggle-btn v-btn v-btn--contained theme--light v-size--default primary"><span class="v-btn__content">
    Toggle Labels
  </span></button>
    <div id="territory-editor--map"></div>
  </div>
</div>
`;
